<html>
<body>
<pre>
<h1>µVision Build Log</h1>
<h2>Project:</h2>
C:\Users\Uzytkownik\Desktop\studia\Assembly_Project\ARM — kopia\arm.uvproj
Project File Date:  04/26/2022

<h2>Output:</h2>
Rebuild target 'Target 1'
assembling Startup.s...
assembling main.s...
main.s(112): warning: A1581W: Added 2 bytes of padding at address 0xfe
linking...
.\arm.sct(8): warning: L6314W: No section matches pattern *(InRoot$$Sections).
Program Size: Code=560 RO-data=0 RW-data=0 ZI-data=1160  
FromELF: creating hex file...
".\arm.axf" - 0 Errors, 2 Warning(s).
Clean started: Project: 'arm'
   deleting intermediate output files for target 'Target 1'
